// Jest Snapshot v1, https://goo.gl/fbAQLP

exports[`http context collector collects the correct context 1`] = `
Array [
  Object {
    "referer": undefined,
    "remoteIp": "::ffff:127.0.0.1",
    "requestMethod": "GET",
    "requestUrl": "/IAmTheDerg/TheBigBadDerg",
    "status": 200,
    "userAgent": "axios/0.19.0",
  },
  Object {
    "referer": "ya mum",
    "remoteIp": "1.2.3.4",
    "requestMethod": "POST",
    "requestUrl": "/WhatDoWeSayToDeath",
    "status": 200,
    "userAgent": "austin powers",
  },
]
`;
